20:19:44.260 Navigated to https://www.hilti.sk/
20:19:52.752 datadog-rum-slim.js:1  GET https://www.hilti.sk/etc/hilti/servlets/getTaggedContent.getcontentpath.json/sk_SK/CLS_POWER_TOOLS_7125/CLS_BATT_CHARGERS_POWER_STATIONS_7125/r13250264.json 404 (Not Found)
u @ datadog-rum-slim.js:1
(anonymous) @ polyfills.js:1
t.<computed> @ polyfills.js:1
(anonymous) @ main.js:430
(anonymous) @ main.js:430
invoke @ polyfills.js:1
run @ polyfills.js:1
runOutsideAngular @ main.js:430
(anonymous) @ main.js:430
u @ main.js:430
C @ main.js:430
(anonymous) @ main.js:430
A @ polyfills.js:1
(anonymous) @ main.js:430
doRequest @ main.js:430
(anonymous) @ main.js:430
_trySubscribe @ main.js:430
(anonymous) @ main.js:430
h @ main.js:430
subscribe @ main.js:430
(anonymous) @ main.js:430
(anonymous) @ main.js:430
(anonymous) @ main.js:430
h @ main.js:430
subscribe @ main.js:430
(anonymous) @ main.js:430
(anonymous) @ main.js:430
(anonymous) @ main.js:430
h @ main.js:430
subscribe @ main.js:430
H @ main.js:430
w @ main.js:430
_next @ main.js:430
next @ main.js:430
(anonymous) @ main.js:430
_trySubscribe @ main.js:430
(anonymous) @ main.js:430
h @ main.js:430
subscribe @ main.js:430
c @ main.js:430
(anonymous) @ main.js:430
(anonymous) @ main.js:430
(anonymous) @ main.js:430
h @ main.js:430
subscribe @ main.js:430
(anonymous) @ main.js:430
(anonymous) @ main.js:430
(anonymous) @ main.js:430
h @ main.js:430
subscribe @ main.js:430
(anonymous) @ main.js:430
(anonymous) @ main.js:430
(anonymous) @ main.js:430
h @ main.js:430
subscribe @ main.js:430
(anonymous) @ main.js:430
(anonymous) @ main.js:430
(anonymous) @ main.js:430
h @ main.js:430
subscribe @ main.js:430
(anonymous) @ main.js:430
(anonymous) @ main.js:430
(anonymous) @ main.js:430
h @ main.js:430
subscribe @ main.js:430
(anonymous) @ main.js:430
(anonymous) @ main.js:430
(anonymous) @ main.js:430
h @ main.js:430
subscribe @ main.js:430
(anonymous) @ main.js:430
(anonymous) @ main.js:430
(anonymous) @ main.js:430
h @ main.js:430
subscribe @ main.js:430
(anonymous) @ main.js:430
(anonymous) @ main.js:430
(anonymous) @ main.js:430
h @ main.js:430
subscribe @ main.js:430
(anonymous) @ main.js:430
(anonymous) @ main.js:430
(anonymous) @ main.js:430
h @ main.js:430
subscribe @ main.js:430
H @ main.js:430
w @ main.js:430
_next @ main.js:430
next @ main.js:430
(anonymous) @ main.js:430
_trySubscribe @ main.js:430
(anonymous) @ main.js:430
h @ main.js:430
subscribe @ main.js:430
c @ main.js:430
(anonymous) @ main.js:430
(anonymous) @ main.js:430
(anonymous) @ main.js:430
h @ main.js:430
subscribe @ main.js:430
(anonymous) @ main.js:430
(anonymous) @ main.js:430
(anonymous) @ main.js:430
h @ main.js:430
subscribe @ main.js:430
(anonymous) @ main.js:430
(anonymous) @ main.js:430
(anonymous) @ main.js:430
h @ main.js:430
subscribe @ main.js:430
(anonymous) @ main.js:430
(anonymous) @ main.js:430
(anonymous) @ main.js:430
h @ main.js:430
subscribe @ main.js:430
(anonymous) @ main.js:430
(anonymous) @ main.js:430
(anonymous) @ main.js:430
h @ main.js:430
subscribe @ main.js:430
(anonymous) @ main.js:430
_trySubscribe @ main.js:430
(anonymous) @ main.js:430
h @ main.js:430
subscribe @ main.js:430
H @ main.js:430
(anonymous) @ main.js:430
unsubscribe @ main.js:430
_complete @ main.js:430
complete @ main.js:430
_complete @ main.js:430
complete @ main.js:430
_complete @ main.js:430
complete @ main.js:430
_complete @ main.js:430
complete @ main.js:430
o.subscribe.g @ main.js:430
_complete @ main.js:430
complete @ main.js:430
j @ main.js:430
(anonymous) @ main.js:430
unsubscribe @ main.js:430
_complete @ main.js:430
complete @ main.js:430
v.subscribe.N @ main.js:430
_complete @ main.js:430
complete @ main.js:430
(anonymous) @ main.js:430
_complete @ main.js:430
complete @ main.js:430
(anonymous) @ main.js:430
_next @ main.js:430
next @ main.js:430
_next @ main.js:430
next @ main.js:430
(anonymous) @ main.js:430
_next @ main.js:430
next @ main.js:430
(anonymous) @ main.js:430
invoke @ polyfills.js:1
onInvoke @ main.js:430
invoke @ polyfills.js:1
run @ polyfills.js:1
(anonymous) @ polyfills.js:1
invokeTask @ polyfills.js:1
onInvokeTask @ main.js:430
invokeTask @ polyfills.js:1
runTask @ polyfills.js:1
J @ polyfills.js:1
Promise.then
x @ polyfills.js:1
z @ polyfills.js:1
scheduleTask @ polyfills.js:1
scheduleTask @ polyfills.js:1
scheduleMicroTask @ polyfills.js:1
o @ polyfills.js:1
N @ polyfills.js:1
(anonymous) @ polyfills.js:1
(anonymous) @ polyfills.js:1
Promise.then
(anonymous) @ polyfills.js:1
A @ polyfills.js:1
f.then @ polyfills.js:1
t @ datadog-rum-slim.js:1
(anonymous) @ datadog-rum-slim.js:1
p @ datadog-rum-slim.js:1
(anonymous) @ datadog-rum-slim.js:1
invoke @ polyfills.js:1
run @ polyfills.js:1
(anonymous) @ polyfills.js:1
invokeTask @ polyfills.js:1
runTask @ polyfills.js:1
J @ polyfills.js:1
Promise.then
x @ polyfills.js:1
z @ polyfills.js:1
scheduleTask @ polyfills.js:1
scheduleTask @ polyfills.js:1
scheduleMicroTask @ polyfills.js:1
o @ polyfills.js:1
N @ polyfills.js:1
(anonymous) @ polyfills.js:1
(anonymous) @ polyfills.js:1
Promise.then
(anonymous) @ polyfills.js:1
A @ polyfills.js:1
f.then @ polyfills.js:1
N @ polyfills.js:1
resolve @ polyfills.js:1
u @ main.js:430
C @ main.js:430
(anonymous) @ main.js:430
A @ polyfills.js:1
(anonymous) @ main.js:430
invoke @ polyfills.js:1
run @ polyfills.js:1
runOutsideAngular @ main.js:430
(anonymous) @ main.js:430
u @ main.js:430
C @ main.js:430
invoke @ polyfills.js:1
onInvoke @ main.js:430
invoke @ polyfills.js:1
run @ polyfills.js:1
(anonymous) @ polyfills.js:1
invokeTask @ polyfills.js:1
onInvokeTask @ main.js:430
invokeTask @ polyfills.js:1
runTask @ polyfills.js:1
J @ polyfills.js:1
Promise.then
x @ polyfills.js:1
z @ polyfills.js:1
scheduleTask @ polyfills.js:1
scheduleTask @ polyfills.js:1
scheduleMicroTask @ polyfills.js:1
o @ polyfills.js:1
N @ polyfills.js:1
(anonymous) @ polyfills.js:1
(anonymous) @ polyfills.js:1
Promise.then
(anonymous) @ polyfills.js:1
A @ polyfills.js:1
f.then @ polyfills.js:1
(anonymous) @ datadog-rum-slim.js:1
(anonymous) @ datadog-rum-slim.js:1
p @ datadog-rum-slim.js:1
u @ datadog-rum-slim.js:1
(anonymous) @ polyfills.js:1
t.<computed> @ polyfills.js:1
(anonymous) @ main.js:430
(anonymous) @ main.js:430
invoke @ polyfills.js:1
run @ polyfills.js:1
runOutsideAngular @ main.js:430
(anonymous) @ main.js:430
u @ main.js:430
C @ main.js:430
(anonymous) @ main.js:430
A @ polyfills.js:1
(anonymous) @ main.js:430
doRequest @ main.js:430
(anonymous) @ main.js:430
_trySubscribe @ main.js:430
(anonymous) @ main.js:430
h @ main.js:430
subscribe @ main.js:430
(anonymous) @ main.js:430
(anonymous) @ main.js:430
(anonymous) @ main.js:430
h @ main.js:430
subscribe @ main.js:430
(anonymous) @ main.js:430
(anonymous) @ main.js:430
(anonymous) @ main.js:430
h @ main.js:430
subscribe @ main.js:430
H @ main.js:430
w @ main.js:430
_next @ main.js:430
next @ main.js:430
(anonymous) @ main.js:430
_trySubscribe @ main.js:430
(anonymous) @ main.js:430
h @ main.js:430
subscribe @ main.js:430
c @ main.js:430
(anonymous) @ main.js:430
(anonymous) @ main.js:430
(anonymous) @ main.js:430
h @ main.js:430
subscribe @ main.js:430
(anonymous) @ main.js:430
(anonymous) @ main.js:430
(anonymous) @ main.js:430
h @ main.js:430
subscribe @ main.js:430
(anonymous) @ main.js:1
_trySubscribe @ main.js:430
(anonymous) @ main.js:430
h @ main.js:430
subscribe @ main.js:430
(anonymous) @ main.js:1
invoke @ polyfills.js:1
onInvoke @ main.js:430
invoke @ polyfills.js:1
run @ polyfills.js:1
(anonymous) @ polyfills.js:1
invokeTask @ polyfills.js:1
onInvokeTask @ main.js:430
invokeTask @ polyfills.js:1
runTask @ polyfills.js:1
J @ polyfills.js:1
Promise.then
x @ polyfills.js:1
z @ polyfills.js:1
scheduleTask @ polyfills.js:1
onScheduleTask @ polyfills.js:1
scheduleTask @ polyfills.js:1
scheduleTask @ polyfills.js:1
scheduleMicroTask @ polyfills.js:1
o @ polyfills.js:1
N @ polyfills.js:1
(anonymous) @ polyfills.js:1
(anonymous) @ polyfills.js:1
Promise.then
(anonymous) @ polyfills.js:1
A @ polyfills.js:1
f.then @ polyfills.js:1
N @ polyfills.js:1
(anonymous) @ polyfills.js:1
invokeTask @ polyfills.js:1
onInvokeTask @ main.js:430
invokeTask @ polyfills.js:1
runTask @ polyfills.js:1
J @ polyfills.js:1
Promise.then
x @ polyfills.js:1
z @ polyfills.js:1
scheduleTask @ polyfills.js:1
onScheduleTask @ polyfills.js:1
scheduleTask @ polyfills.js:1
scheduleTask @ polyfills.js:1
scheduleMicroTask @ polyfills.js:1
o @ polyfills.js:1
N @ polyfills.js:1
(anonymous) @ polyfills.js:1
(anonymous) @ polyfills.js:1
Promise.then
(anonymous) @ polyfills.js:1
A @ polyfills.js:1
f.then @ polyfills.js:1
(anonymous) @ datadog-rum-slim.js:1
(anonymous) @ datadog-rum-slim.js:1
p @ datadog-rum-slim.js:1
u @ datadog-rum-slim.js:1
(anonymous) @ polyfills.js:1
t.<computed> @ polyfills.js:1
loadUrl @ main.js:1
read @ main.js:1
read @ main.js:430
loadOne @ main.js:430
(anonymous) @ main.js:430
prepareLoading @ main.js:430
load @ main.js:430
loadResources @ main.js:430
loadNamespaces @ main.js:430
(anonymous) @ main.js:430
A @ polyfills.js:1
loadNamespaces @ main.js:430
(anonymous) @ main.js:430
c @ main.js:430
(anonymous) @ main.js:430
ei @ main.js:430
(anonymous) @ main.js:430
(anonymous) @ main.js:430
_trySubscribe @ main.js:430
(anonymous) @ main.js:430
h @ main.js:430
subscribe @ main.js:430
(anonymous) @ main.js:430
(anonymous) @ main.js:430
(anonymous) @ main.js:430
h @ main.js:430
subscribe @ main.js:430
H @ main.js:430
w @ main.js:430
_next @ main.js:430
next @ main.js:430
(anonymous) @ main.js:430
_trySubscribe @ main.js:430
(anonymous) @ main.js:430
h @ main.js:430
subscribe @ main.js:430
c @ main.js:430
(anonymous) @ main.js:430
(anonymous) @ main.js:430
(anonymous) @ main.js:430
h @ main.js:430
subscribe @ main.js:430
(anonymous) @ main.js:430
(anonymous) @ main.js:430
(anonymous) @ main.js:430
h @ main.js:430
subscribe @ main.js:430
(anonymous) @ main.js:430
M @ main.js:430
(anonymous) @ main.js:430
M @ main.js:430
(anonymous) @ main.js:430
_trySubscribe @ main.js:430
(anonymous) @ main.js:430
h @ main.js:430
subscribe @ main.js:430
(anonymous) @ main.js:430
(anonymous) @ main.js:430
(anonymous) @ main.js:430
h @ main.js:430
subscribe @ main.js:430
(anonymous) @ main.js:430
(anonymous) @ main.js:430
(anonymous) @ main.js:430
h @ main.js:430
subscribe @ main.js:430
(anonymous) @ main.js:430
(anonymous) @ main.js:430
(anonymous) @ main.js:430
h @ main.js:430
subscribe @ main.js:430
D.subscribe.E @ main.js:430
_next @ main.js:430
next @ main.js:430
(anonymous) @ main.js:430
_trySubscribe @ main.js:430
(anonymous) @ main.js:430
h @ main.js:430
subscribe @ main.js:430
(anonymous) @ main.js:430
(anonymous) @ main.js:430
(anonymous) @ main.js:430
h @ main.js:430
subscribe @ main.js:430
H @ main.js:430
w @ main.js:430
_next @ main.js:430
next @ main.js:430
(anonymous) @ main.js:430
_trySubscribe @ main.js:430
(anonymous) @ main.js:430
h @ main.js:430
subscribe @ main.js:430
c @ main.js:430
(anonymous) @ main.js:430
(anonymous) @ main.js:430
(anonymous) @ main.js:430
h @ main.js:430
subscribe @ main.js:430
H @ main.js:430
w @ main.js:430
_next @ main.js:430
next @ main.js:430
(anonymous) @ main.js:430
_trySubscribe @ main.js:430
(anonymous) @ main.js:430
h @ main.js:430
subscribe @ main.js:430
c @ main.js:430
(anonymous) @ main.js:430
(anonymous) @ main.js:430
(anonymous) @ main.js:430
h @ main.js:430
subscribe @ main.js:430
(anonymous) @ main.js:430
(anonymous) @ main.js:430
(anonymous) @ main.js:430
h @ main.js:430
subscribe @ main.js:430
(anonymous) @ main.js:430
(anonymous) @ main.js:430
(anonymous) @ main.js:430
h @ main.js:430
subscribe @ main.js:430
(anonymous) @ main.js:430
(anonymous) @ main.js:430
(anonymous) @ main.js:430
h @ main.js:430
subscribe @ main.js:430
H @ main.js:430
w @ main.js:430
_next @ main.js:430
next @ main.js:430
(anonymous) @ main.js:430
_complete @ main.js:430
complete @ main.js:430
_complete @ main.js:430
complete @ main.js:430
_complete @ main.js:430
complete @ main.js:430
j @ main.js:430
(anonymous) @ main.js:430
_complete @ main.js:430
complete @ main.js:430
(anonymous) @ main.js:430
_trySubscribe @ main.js:430
(anonymous) @ main.js:430
h @ main.js:430
subscribe @ main.js:430
c @ main.js:430
(anonymous) @ main.js:430
(anonymous) @ main.js:430
(anonymous) @ main.js:430
h @ main.js:430
subscribe @ main.js:430
(anonymous) @ main.js:430
(anonymous) @ main.js:430
(anonymous) @ main.js:430
h @ main.js:430
subscribe @ main.js:430
(anonymous) @ main.js:430
(anonymous) @ main.js:430
(anonymous) @ main.js:430
h @ main.js:430
subscribe @ main.js:430
(anonymous) @ main.js:430
(anonymous) @ main.js:430
(anonymous) @ main.js:430
h @ main.js:430
subscribe @ main.js:430
c @ main.js:430
(anonymous) @ main.js:430
(anonymous) @ main.js:430
(anonymous) @ main.js:430
h @ main.js:430
subscribe @ main.js:430
(anonymous) @ main.js:430
(anonymous) @ main.js:430
(anonymous) @ main.js:430
h @ main.js:430
subscribe @ main.js:430
H @ main.js:430
w @ main.js:430
_next @ main.js:430
next @ main.js:430
(anonymous) @ main.js:430
_next @ main.js:430
next @ main.js:430
v.subscribe.N @ main.js:430
_next @ main.js:430
next @ main.js:430
Promise.then
x @ polyfills.js:1
z @ polyfills.js:1
scheduleTask @ polyfills.js:1
onScheduleTask @ polyfills.js:1
scheduleTask @ polyfills.js:1
scheduleTask @ polyfills.js:1
scheduleMicroTask @ polyfills.js:1
o @ polyfills.js:1
N @ polyfills.js:1
(anonymous) @ polyfills.js:1
(anonymous) @ polyfills.js:1
i @ runtime.js:1
(anonymous) @ 7097.js:1
PendingScript
r.l @ runtime.js:1
r.f.j @ runtime.js:1
(anonymous) @ runtime.js:1
r.e @ runtime.js:1
loadChildren @ 8519.js:250
(anonymous) @ main.js:430
ei @ main.js:430
is @ main.js:430
loadChildren @ main.js:430
(anonymous) @ main.js:430
H @ main.js:430
w @ main.js:430
_next @ main.js:430
next @ main.js:430
(anonymous) @ main.js:430
_trySubscribe @ main.js:430
(anonymous) @ main.js:430
h @ main.js:430
subscribe @ main.js:430
c @ main.js:430
(anonymous) @ main.js:430
(anonymous) @ main.js:430
(anonymous) @ main.js:430
h @ main.js:430
subscribe @ main.js:430
(anonymous) @ main.js:430
(anonymous) @ main.js:430
(anonymous) @ main.js:430
h @ main.js:430
subscribe @ main.js:430
D.subscribe.E @ main.js:430
_next @ main.js:430
next @ main.js:430
(anonymous) @ main.js:430
_next @ main.js:430
next @ main.js:430
(anonymous) @ main.js:430
_next @ main.js:430
next @ main.js:430
v.subscribe.N @ main.js:430
_next @ main.js:430
next @ main.js:430
subscribe.C @ main.js:430
_next @ main.js:430
next @ main.js:430
(anonymous) @ main.js:430
_next @ main.js:430
next @ main.js:430
(anonymous) @ main.js:430
_next @ main.js:430
next @ main.js:430
(anonymous) @ main.js:430
_next @ main.js:430
next @ main.js:430
(anonymous) @ main.js:430
_next @ main.js:430
next @ main.js:430
H.subscribe.S @ main.js:430
_next @ main.js:430
next @ main.js:430
(anonymous) @ main.js:430
_next @ main.js:430
next @ main.js:430
_next @ main.js:430
next @ main.js:430
(anonymous) @ main.js:430
_next @ main.js:430
next @ main.js:430
v.subscribe.N @ main.js:430
_next @ main.js:430
next @ main.js:430
(anonymous) @ main.js:430
_next @ main.js:430
next @ main.js:430
(anonymous) @ main.js:430
_next @ main.js:430
next @ main.js:430
(anonymous) @ main.js:430
invoke @ polyfills.js:1
onInvoke @ main.js:430
invoke @ polyfills.js:1
run @ polyfills.js:1
(anonymous) @ polyfills.js:1
invokeTask @ polyfills.js:1
onInvokeTask @ main.js:430
invokeTask @ polyfills.js:1
runTask @ polyfills.js:1
J @ polyfills.js:1
Promise.then
x @ polyfills.js:1
z @ polyfills.js:1
scheduleTask @ polyfills.js:1
scheduleTask @ polyfills.js:1
scheduleMicroTask @ polyfills.js:1
o @ polyfills.js:1
N @ polyfills.js:1
(anonymous) @ polyfills.js:1
(anonymous) @ polyfills.js:1
Promise.then
(anonymous) @ polyfills.js:1
A @ polyfills.js:1
f.then @ polyfills.js:1
t @ datadog-rum-slim.js:1
(anonymous) @ datadog-rum-slim.js:1
p @ datadog-rum-slim.js:1
(anonymous) @ datadog-rum-slim.js:1
invoke @ polyfills.js:1
run @ polyfills.js:1
(anonymous) @ polyfills.js:1
invokeTask @ polyfills.js:1
runTask @ polyfills.js:1
J @ polyfills.js:1
Promise.then
x @ polyfills.js:1
z @ polyfills.js:1
scheduleTask @ polyfills.js:1
scheduleTask @ polyfills.js:1
scheduleMicroTask @ polyfills.js:1
o @ polyfills.js:1
N @ polyfills.js:1
(anonymous) @ polyfills.js:1
(anonymous) @ polyfills.js:1
Promise.then
(anonymous) @ polyfills.js:1
A @ polyfills.js:1
f.then @ polyfills.js:1
N @ polyfills.js:1
resolve @ polyfills.js:1
u @ main.js:430
C @ main.js:430
(anonymous) @ main.js:430
A @ polyfills.js:1
(anonymous) @ main.js:430
invoke @ polyfills.js:1
run @ polyfills.js:1
runOutsideAngular @ main.js:430
(anonymous) @ main.js:430
u @ main.js:430
C @ main.js:430
invoke @ polyfills.js:1
onInvoke @ main.js:430
invoke @ polyfills.js:1
run @ polyfills.js:1
(anonymous) @ polyfills.js:1
invokeTask @ polyfills.js:1
onInvokeTask @ main.js:430
invokeTask @ polyfills.js:1
runTask @ polyfills.js:1
J @ polyfills.js:1
Promise.then
x @ polyfills.js:1
z @ polyfills.js:1
scheduleTask @ polyfills.js:1
scheduleTask @ polyfills.js:1
scheduleMicroTask @ polyfills.js:1
o @ polyfills.js:1
N @ polyfills.js:1
(anonymous) @ polyfills.js:1
(anonymous) @ polyfills.js:1
Promise.then
(anonymous) @ polyfills.js:1
A @ polyfills.js:1
f.then @ polyfills.js:1
(anonymous) @ datadog-rum-slim.js:1
(anonymous) @ datadog-rum-slim.js:1
p @ datadog-rum-slim.js:1
u @ datadog-rum-slim.js:1
(anonymous) @ polyfills.js:1
t.<computed> @ polyfills.js:1
(anonymous) @ main.js:430
(anonymous) @ main.js:430
invoke @ polyfills.js:1
run @ polyfills.js:1
runOutsideAngular @ main.js:430
(anonymous) @ main.js:430
u @ main.js:430
C @ main.js:430
(anonymous) @ main.js:430
A @ polyfills.js:1
(anonymous) @ main.js:430
doRequest @ main.js:430
(anonymous) @ main.js:430
_trySubscribe @ main.js:430
(anonymous) @ main.js:430
h @ main.js:430
subscribe @ main.js:430
(anonymous) @ main.js:430
(anonymous) @ main.js:430
(anonymous) @ main.js:430
h @ main.js:430
subscribe @ main.js:430
(anonymous) @ main.js:430
(anonymous) @ main.js:430
(anonymous) @ main.js:430
h @ main.js:430
subscribe @ main.js:430
H @ main.js:430
w @ main.js:430
_next @ main.js:430
next @ main.js:430
(anonymous) @ main.js:430
_trySubscribe @ main.js:430
(anonymous) @ main.js:430
h @ main.js:430
subscribe @ main.js:430
c @ main.js:430
(anonymous) @ main.js:430
(anonymous) @ main.js:430
(anonymous) @ main.js:430
h @ main.js:430
subscribe @ main.js:430
(anonymous) @ main.js:430
(anonymous) @ main.js:430
(anonymous) @ main.js:430
h @ main.js:430
subscribe @ main.js:430
(anonymous) @ main.js:1
_trySubscribe @ main.js:430
(anonymous) @ main.js:430
h @ main.js:430
subscribe @ main.js:430
(anonymous) @ main.js:1
invoke @ polyfills.js:1
onInvoke @ main.js:430
invoke @ polyfills.js:1
run @ polyfills.js:1
(anonymous) @ polyfills.js:1
invokeTask @ polyfills.js:1
onInvokeTask @ main.js:430
invokeTask @ polyfills.js:1
runTask @ polyfills.js:1
J @ polyfills.js:1
Promise.then
x @ polyfills.js:1
z @ polyfills.js:1
scheduleTask @ polyfills.js:1
onScheduleTask @ polyfills.js:1
scheduleTask @ polyfills.js:1
scheduleTask @ polyfills.js:1
scheduleMicroTask @ polyfills.js:1
o @ polyfills.js:1
N @ polyfills.js:1
(anonymous) @ polyfills.js:1
(anonymous) @ polyfills.js:1
i @ runtime.js:1
(anonymous) @ 8519.js:1
PendingScript
r.l @ runtime.js:1
r.f.j @ runtime.js:1
(anonymous) @ runtime.js:1
r.e @ runtime.js:1
loadChildren @ main.js:9
(anonymous) @ main.js:430
ei @ main.js:430
is @ main.js:430
loadChildren @ main.js:430
(anonymous) @ main.js:430
H @ main.js:430
w @ main.js:430
_next @ main.js:430
next @ main.js:430
(anonymous) @ main.js:430
_trySubscribe @ main.js:430
(anonymous) @ main.js:430
h @ main.js:430
subscribe @ main.js:430
c @ main.js:430
(anonymous) @ main.js:430
(anonymous) @ main.js:430
(anonymous) @ main.js:430
h @ main.js:430
subscribe @ main.js:430
(anonymous) @ main.js:430
(anonymous) @ main.js:430
(anonymous) @ main.js:430
h @ main.js:430
subscribe @ main.js:430
D.subscribe.E @ main.js:430
_next @ main.js:430
next @ main.js:430
(anonymous) @ main.js:430
_next @ main.js:430
next @ main.js:430
(anonymous) @ main.js:430
_trySubscribe @ main.js:430
(anonymous) @ main.js:430
h @ main.js:430
subscribe @ main.js:430
(anonymous) @ main.js:430
(anonymous) @ main.js:430
(anonymous) @ main.js:430
h @ main.js:430
subscribe @ main.js:430
(anonymous) @ main.js:430
(anonymous) @ main.js:430
(anonymous) @ main.js:430
h @ main.js:430
subscribe @ main.js:430
(anonymous) @ main.js:430
(anonymous) @ main.js:430
(anonymous) @ main.js:430
h @ main.js:430
subscribe @ main.js:430
H @ main.js:430
w @ main.js:430
_next @ main.js:430
next @ main.js:430
(anonymous) @ main.js:430
_trySubscribe @ main.js:430
(anonymous) @ main.js:430
h @ main.js:430
subscribe @ main.js:430
c @ main.js:430
(anonymous) @ main.js:430
(anonymous) @ main.js:430
(anonymous) @ main.js:430
h @ main.js:430
subscribe @ main.js:430
(anonymous) @ main.js:430
(anonymous) @ main.js:430
(anonymous) @ main.js:430
h @ main.js:430
subscribe @ main.js:430
(anonymous) @ main.js:430
(anonymous) @ main.js:430
(anonymous) @ main.js:430
h @ main.js:430
subscribe @ main.js:430
(anonymous) @ main.js:430
(anonymous) @ main.js:430
(anonymous) @ main.js:430
h @ main.js:430
subscribe @ main.js:430
(anonymous) @ main.js:430
(anonymous) @ main.js:430
(anonymous) @ main.js:430
h @ main.js:430
subscribe @ main.js:430
(anonymous) @ main.js:430
(anonymous) @ main.js:430
(anonymous) @ main.js:430
h @ main.js:430
subscribe @ main.js:430
H @ main.js:430
w @ main.js:430
_next @ main.js:430
next @ main.js:430
(anonymous) @ main.js:430
_trySubscribe @ main.js:430
(anonymous) @ main.js:430
h @ main.js:430
subscribe @ main.js:430
c @ main.js:430
(anonymous) @ main.js:430
(anonymous) @ main.js:430
(anonymous) @ main.js:430
h @ main.js:430
subscribe @ main.js:430
(anonymous) @ main.js:430
(anonymous) @ main.js:430
(anonymous) @ main.js:430
h @ main.js:430
subscribe @ main.js:430
(anonymous) @ main.js:430
(anonymous) @ main.js:430
(anonymous) @ main.js:430
h @ main.js:430
subscribe @ main.js:430
(anonymous) @ main.js:430
(anonymous) @ main.js:430
(anonymous) @ main.js:430
h @ main.js:430
subscribe @ main.js:430
(anonymous) @ main.js:430
(anonymous) @ main.js:430
(anonymous) @ main.js:430
h @ main.js:430
subscribe @ main.js:430
c @ main.js:430
(anonymous) @ main.js:430
(anonymous) @ main.js:430
(anonymous) @ main.js:430
h @ main.js:430
subscribe @ main.js:430
(anonymous) @ main.js:430
(anonymous) @ main.js:430
(anonymous) @ main.js:430
h @ main.js:430
subscribe @ main.js:430
(anonymous) @ main.js:430
(anonymous) @ main.js:430
(anonymous) @ main.js:430
h @ main.js:430
subscribe @ main.js:430
(anonymous) @ main.js:430
(anonymous) @ main.js:430
(anonymous) @ main.js:430
h @ main.js:430
subscribe @ main.js:430
(anonymous) @ main.js:430
(anonymous) @ main.js:430
(anonymous) @ main.js:430
h @ main.js:430
subscribe @ main.js:430
H @ main.js:430
w @ main.js:430
_next @ main.js:430
next @ main.js:430
subscribe.C @ main.js:430
_next @ main.js:430
next @ main.js:430
(anonymous) @ main.js:430
invoke @ polyfills.js:1
onInvoke @ main.js:430
invoke @ polyfills.js:1
run @ polyfills.js:1
(anonymous) @ polyfills.js:1
invokeTask @ polyfills.js:1
onInvokeTask @ main.js:430
invokeTask @ polyfills.js:1
runTask @ polyfills.js:1
J @ polyfills.js:1
invokeTask @ polyfills.js:1
M @ polyfills.js:1
x @ polyfills.js:1
z @ polyfills.js:1
20:20:09.760 main.js:196 <gmp-advanced-marker>: Please use addEventListener('gmp-click', ...) instead of addEventListener('click', ...).
_.lm @ main.js:196
addListener @ marker.js:103
(anonymous) @ 5968.js:1
_trySubscribe @ main.js:430
(anonymous) @ main.js:430
h @ main.js:430
subscribe @ main.js:430
D.subscribe.E @ main.js:430
_next @ main.js:430
next @ main.js:430
(anonymous) @ main.js:430
h @ main.js:430
next @ main.js:430
next @ main.js:430
setTarget @ 5968.js:1
(anonymous) @ 5968.js:1
invoke @ polyfills.js:1
run @ polyfills.js:1
runOutsideAngular @ main.js:430
_initialize @ 5968.js:1
ngOnInit @ 5968.js:1
go @ main.js:430
ct @ main.js:430
zr @ main.js:430
Wr @ main.js:430
Su @ main.js:430
dl @ main.js:430
Ih @ main.js:430
Th @ main.js:430
Su @ main.js:430
dl @ main.js:430
Ih @ main.js:430
Th @ main.js:430
Su @ main.js:430
dl @ main.js:430
Ih @ main.js:430
dg @ main.js:430
Lu @ main.js:430
Su @ main.js:430
dl @ main.js:430
Ih @ main.js:430
Th @ main.js:430
Su @ main.js:430
dl @ main.js:430
Ih @ main.js:430
dg @ main.js:430
Lu @ main.js:430
Su @ main.js:430
dl @ main.js:430
Ih @ main.js:430
Th @ main.js:430
Su @ main.js:430
dl @ main.js:430
Ih @ main.js:430
dg @ main.js:430
Lu @ main.js:430
Su @ main.js:430
dl @ main.js:430
lg @ main.js:430
ul @ main.js:430
synchronizeOnce @ main.js:430
synchronize @ main.js:430
tickImpl @ main.js:430
_tick @ main.js:430
(anonymous) @ main.js:430
invoke @ polyfills.js:1
onInvoke @ main.js:430
invoke @ polyfills.js:1
run @ polyfills.js:1
run @ main.js:430
next @ main.js:430
next @ main.js:430
_next @ main.js:430
next @ main.js:430
(anonymous) @ main.js:430
h @ main.js:430
next @ main.js:430
emit @ main.js:430
zc @ main.js:430
onHasTask @ main.js:430
hasTask @ polyfills.js:1
_updateTaskCount @ polyfills.js:1
_updateTaskCount @ polyfills.js:1
runTask @ polyfills.js:1
J @ polyfills.js:1
Promise.then
x @ polyfills.js:1
z @ polyfills.js:1
scheduleTask @ polyfills.js:1
scheduleTask @ polyfills.js:1
scheduleMicroTask @ polyfills.js:1
o @ polyfills.js:1
N @ polyfills.js:1
(anonymous) @ polyfills.js:1
(anonymous) @ polyfills.js:1
Promise.then
(anonymous) @ polyfills.js:1
A @ polyfills.js:1
f.then @ polyfills.js:1
N @ polyfills.js:1
resolve @ polyfills.js:1
u @ main.js:430
C @ main.js:430
invoke @ polyfills.js:1
run @ polyfills.js:1
(anonymous) @ polyfills.js:1
invokeTask @ polyfills.js:1
runTask @ polyfills.js:1
J @ polyfills.js:1
Promise.then
x @ polyfills.js:1
z @ polyfills.js:1
scheduleTask @ polyfills.js:1
scheduleTask @ polyfills.js:1
scheduleMicroTask @ polyfills.js:1
o @ polyfills.js:1
N @ polyfills.js:1
(anonymous) @ polyfills.js:1
(anonymous) @ polyfills.js:1
Promise.then
(anonymous) @ polyfills.js:1
A @ polyfills.js:1
f.then @ polyfills.js:1
N @ polyfills.js:1
resolve @ polyfills.js:1
u @ main.js:430
C @ main.js:430
(anonymous) @ main.js:430
A @ polyfills.js:1
(anonymous) @ main.js:430
invoke @ polyfills.js:1
run @ polyfills.js:1
runOutsideAngular @ main.js:430
(anonymous) @ main.js:430
u @ main.js:430
C @ main.js:430
invoke @ polyfills.js:1
onInvoke @ main.js:430
invoke @ polyfills.js:1
run @ polyfills.js:1
(anonymous) @ polyfills.js:1
invokeTask @ polyfills.js:1
onInvokeTask @ main.js:430
invokeTask @ polyfills.js:1
runTask @ polyfills.js:1
J @ polyfills.js:1
Promise.then
x @ polyfills.js:1
z @ polyfills.js:1
scheduleTask @ polyfills.js:1
scheduleTask @ polyfills.js:1
scheduleMicroTask @ polyfills.js:1
o @ polyfills.js:1
N @ polyfills.js:1
(anonymous) @ polyfills.js:1
(anonymous) @ polyfills.js:1
Promise.then
(anonymous) @ polyfills.js:1
A @ polyfills.js:1
f.then @ polyfills.js:1
(anonymous) @ datadog-rum-slim.js:1
(anonymous) @ datadog-rum-slim.js:1
p @ datadog-rum-slim.js:1
u @ datadog-rum-slim.js:1
(anonymous) @ polyfills.js:1
t.<computed> @ polyfills.js:1
(anonymous) @ main.js:430
(anonymous) @ main.js:430
invoke @ polyfills.js:1
run @ polyfills.js:1
runOutsideAngular @ main.js:430
(anonymous) @ main.js:430
u @ main.js:430
C @ main.js:430
(anonymous) @ main.js:430
A @ polyfills.js:1
(anonymous) @ main.js:430
doRequest @ main.js:430
(anonymous) @ main.js:430
_trySubscribe @ main.js:430
(anonymous) @ main.js:430
h @ main.js:430
subscribe @ main.js:430
(anonymous) @ main.js:430
(anonymous) @ main.js:430
(anonymous) @ main.js:430
h @ main.js:430
subscribe @ main.js:430
(anonymous) @ main.js:430
(anonymous) @ main.js:430
(anonymous) @ main.js:430
h @ main.js:430
subscribe @ main.js:430
H @ main.js:430
w @ main.js:430
_next @ main.js:430
next @ main.js:430
(anonymous) @ main.js:430
_trySubscribe @ main.js:430
(anonymous) @ main.js:430
h @ main.js:430
subscribe @ main.js:430
c @ main.js:430
(anonymous) @ main.js:430
(anonymous) @ main.js:430
(anonymous) @ main.js:430
h @ main.js:430
subscribe @ main.js:430
(anonymous) @ main.js:430
(anonymous) @ main.js:430
(anonymous) @ main.js:430
h @ main.js:430
subscribe @ main.js:430
(anonymous) @ main.js:1
_trySubscribe @ main.js:430
(anonymous) @ main.js:430
h @ main.js:430
subscribe @ main.js:430
(anonymous) @ main.js:1
invoke @ polyfills.js:1
onInvoke @ main.js:430
invoke @ polyfills.js:1
run @ polyfills.js:1
(anonymous) @ polyfills.js:1
invokeTask @ polyfills.js:1
onInvokeTask @ main.js:430
invokeTask @ polyfills.js:1
runTask @ polyfills.js:1
J @ polyfills.js:1
invokeTask @ polyfills.js:1
M @ polyfills.js:1
x @ polyfills.js:1
z @ polyfills.js:1
